
Project [pinto]


Project [dashgrid]


Project [template-generator]


 Project            | Synced 
--------------------+--------
 example            | ✓      
 pinto              | ✓      
 dashgrid           | ✓      
 template-generator | ✓      


 Project            | Pwd                                                                 
--------------------+---------------------------------------------------------------------
 example            | /home/test/test/tmp/golden/run/multiple-commands                    
 pinto              | /home/test/test/tmp/golden/run/multiple-commands/frontend/pinto     
 dashgrid           | /home/test/test/tmp/golden/run/multiple-commands/frontend/dashgrid  
 template-generator | /home/test/test/tmp/golden/run/multiple-commands/template-generator 


 Project            | Multi     
--------------------+-----------
 example            | 1st line  
                    | 2nd line  
 pinto              | 1st line  
                    | 2nd line  
 dashgrid           | 1st line  
                    | 2nd line  
 template-generator | 1st line  
                    | 2nd line  

