
[1mProject[0m [[1mpinto[0m]


[1mProject[0m [[1mdashgrid[0m]


[1mProject[0m [[1mtemplate-generator[0m]


[1m Project            [0m[2m|[0m[1m Synced [0m
[2m--------------------[0m[2m+[0m[2m--------[0m
 example            [2m|[0m [32m✓[0m      
 pinto              [2m|[0m [32m✓[0m      
 dashgrid           [2m|[0m [32m✓[0m      
 template-generator [2m|[0m [32m✓[0m      


[1m Project            [0m[2m|[0m[1m Pwd                                                                 [0m
[2m--------------------[0m[2m+[0m[2m---------------------------------------------------------------------[0m
 example            [2m|[0m /home/test/test/tmp/golden/run/multiple-commands                    
 pinto              [2m|[0m /home/test/test/tmp/golden/run/multiple-commands/frontend/pinto     
 dashgrid           [2m|[0m /home/test/test/tmp/golden/run/multiple-commands/frontend/dashgrid  
 template-generator [2m|[0m /home/test/test/tmp/golden/run/multiple-commands/template-generator 


[1m Project            [0m[2m|[0m[1m Multi     [0m
[2m--------------------[0m[2m+[0m[2m-----------[0m
 example            [2m|[0m 1st line  
                    [2m|[0m 2nd line  
 pinto              [2m|[0m 1st line  
                    [2m|[0m 2nd line  
 dashgrid           [2m|[0m 1st line  
                    [2m|[0m 2nd line  
 template-generator [2m|[0m 1st line  
                    [2m|[0m 2nd line  

