
[1mpinto[0m


[1mdashgrid[0m


[1mtemplate-generator[0m


All projects synced
┌────────────────────┬─────────────────────────────────────────────────────────────────────┐
│ Project            │ pwd                                                                 │
├────────────────────┼─────────────────────────────────────────────────────────────────────┤
│ example            │ /home/test/test/tmp/golden/run/multiple-commands                    │
├────────────────────┼─────────────────────────────────────────────────────────────────────┤
│ pinto              │ /home/test/test/tmp/golden/run/multiple-commands/frontend/pinto     │
├────────────────────┼─────────────────────────────────────────────────────────────────────┤
│ dashgrid           │ /home/test/test/tmp/golden/run/multiple-commands/frontend/dashgrid  │
├────────────────────┼─────────────────────────────────────────────────────────────────────┤
│ template-generator │ /home/test/test/tmp/golden/run/multiple-commands/template-generator │
└────────────────────┴─────────────────────────────────────────────────────────────────────┘
┌────────────────────┬───────────┐
│ Project            │ multi     │
├────────────────────┼───────────┤
│ example            │ 1st line  │
│                    │ 2nd line  │
├────────────────────┼───────────┤
│ pinto              │ 1st line  │
│                    │ 2nd line  │
├────────────────────┼───────────┤
│ dashgrid           │ 1st line  │
│                    │ 2nd line  │
├────────────────────┼───────────┤
│ template-generator │ 1st line  │
│                    │ 2nd line  │
└────────────────────┴───────────┘
