Describe projects and tasks.

Usage:
  mani describe [command]

Aliases:
  describe, desc

Examples:
  # Describe projects
  mani describe projects

  # Describe tasks
  mani describe tasks

Available Commands:
  projects    Describe projects
  tasks       Describe tasks

Flags:
  -h, --help   help for describe

Global Flags:
  -c, --config string   config file (by default it checks current and all parent directories for mani.yaml|yml)

Use "mani describe [command] --help" for more information about a command.
