Initialized empty Git repository in /tmp/golden/init/auto-discovery/tap-report/.git/
Initialized empty Git repository in /tmp/golden/init/auto-discovery/nested/template-generator/.git/
Initialized empty Git repository in /tmp/golden/init/auto-discovery/.git/
[32m✓[0m Initialized mani repository in /tmp/golden/init/auto-discovery
