hint: Using 'master' as the name for the initial branch. This default branch name
hint: is subject to change. To configure the initial branch name to use in all
hint: of your new repositories, which will suppress this warning, call:
hint: 
hint: 	git config --global init.defaultBranch <name>
hint: 
hint: Names commonly chosen instead of 'master' are 'main', 'trunk' and
hint: 'development'. The just-created branch can be renamed via this command:
hint: 
hint: 	git branch -m <name>
Initialized empty Git repository in /home/test/test/tmp/golden/init/auto-discovery/tap-report/.git/
hint: Using 'master' as the name for the initial branch. This default branch name
hint: is subject to change. To configure the initial branch name to use in all
hint: of your new repositories, which will suppress this warning, call:
hint: 
hint: 	git config --global init.defaultBranch <name>
hint: 
hint: Names commonly chosen instead of 'master' are 'main', 'trunk' and
hint: 'development'. The just-created branch can be renamed via this command:
hint: 
hint: 	git branch -m <name>
Initialized empty Git repository in /home/test/test/tmp/golden/init/auto-discovery/nested/template-generator/.git/
hint: Using 'master' as the name for the initial branch. This default branch name
hint: is subject to change. To configure the initial branch name to use in all
hint: of your new repositories, which will suppress this warning, call:
hint: 
hint: 	git config --global init.defaultBranch <name>
hint: 
hint: Names commonly chosen instead of 'master' are 'main', 'trunk' and
hint: 'development'. The just-created branch can be renamed via this command:
hint: 
hint: 	git branch -m <name>
Initialized empty Git repository in /home/test/test/tmp/golden/init/auto-discovery/.git/

Initialized mani repository in /home/test/test/tmp/golden/init/auto-discovery
- Created mani.yaml
- Created .gitignore

Following projects were added to mani.yaml

[1m Project            [0m[2m|[0m[1m Path                      [0m
[2m--------------------[0m[2m+[0m[2m---------------------------[0m
 auto-discovery     [2m|[0m .                         
 template-generator [2m|[0m nested/template-generator 
 tap-report         [2m|[0m tap-report                

