Index: 11
Name: Should run sub-commands
WantErr: false
Cmd:
mani sync
mani run submarine --all


---

Project [pinto]


Project [dashgrid]


Project [template-generator]



 Project            | Synced 
--------------------+--------
 example            | ✓      
 pinto              | ✓      
 dashgrid           | ✓      
 template-generator | ✓      


 project            | command-1 | command-2 | command-3 | pwd                                                         | submarine 
--------------------+-----------+-----------+-----------+-------------------------------------------------------------+-----------
 example            | 1         | 2         | 3         | /home/test/test/tmp/golden/run/golden-11                    | 0         
--------------------+-----------+-----------+-----------+-------------------------------------------------------------+-----------
 pinto              | 1         | 2         | 3         | /home/test/test/tmp/golden/run/golden-11/frontend/pinto     | 0         
--------------------+-----------+-----------+-----------+-------------------------------------------------------------+-----------
 dashgrid           | 1         | 2         | 3         | /home/test/test/tmp/golden/run/golden-11/frontend/dashgrid  | 0         
--------------------+-----------+-----------+-----------+-------------------------------------------------------------+-----------
 template-generator | 1         | 2         | 3         | /home/test/test/tmp/golden/run/golden-11/template-generator | 0         

