Index: 1
Name: Should run in zero projects
WantErr: true
Cmd:
mani sync
mani run pwd -o table


---

Project [pinto]


Project [dashgrid]


Project [template-generator]



 Project            | Synced 
--------------------+--------
 example            | ✓      
 pinto              | ✓      
 dashgrid           | ✓      
 template-generator | ✓      

error: no matching projects found
