Index: 1
Name: Should exec in zero projects
WantErr: false
Cmd:
mani sync
mani exec -o table ls


---

Project [pinto]


Project [dashgrid]


Project [template-generator]


 Project            | Synced 
--------------------+--------
 example            | ✓      
 pinto              | ✓      
 dashgrid           | ✓      
 template-generator | ✓      

No targets
