
[1mpinto[0m


[1mdashgrid[0m


[1mtemplate-generator[0m


All projects synced
┌────────────────────┬───────────┬───────────┬───────────┬────────────────────────────────────────────────────────────────┬───────────┐
│ Project            │ command-1 │ command-2 │ command-3 │ pwd                                                            │ submarine │
├────────────────────┼───────────┼───────────┼───────────┼────────────────────────────────────────────────────────────────┼───────────┤
│ example            │ 1         │ 2         │ 3         │ /home/test/test/tmp/golden/run/sub-commands                    │ 0         │
├────────────────────┼───────────┼───────────┼───────────┼────────────────────────────────────────────────────────────────┼───────────┤
│ pinto              │ 1         │ 2         │ 3         │ /home/test/test/tmp/golden/run/sub-commands/frontend/pinto     │ 0         │
├────────────────────┼───────────┼───────────┼───────────┼────────────────────────────────────────────────────────────────┼───────────┤
│ dashgrid           │ 1         │ 2         │ 3         │ /home/test/test/tmp/golden/run/sub-commands/frontend/dashgrid  │ 0         │
├────────────────────┼───────────┼───────────┼───────────┼────────────────────────────────────────────────────────────────┼───────────┤
│ template-generator │ 1         │ 2         │ 3         │ /home/test/test/tmp/golden/run/sub-commands/template-generator │ 0         │
└────────────────────┴───────────┴───────────┴───────────┴────────────────────────────────────────────────────────────────┴───────────┘
