
Project [pinto]


Project [dashgrid]


Project [template-generator]


 Project            | Synced 
--------------------+--------
 example            | ✓      
 pinto              | ✓      
 dashgrid           | ✓      
 template-generator | ✓      


 Project  | Default-Output                                                  
----------+-----------------------------------------------------------------
 dashgrid | /home/test/test/tmp/golden/run/default-output/frontend/dashgrid 

