[32m✓[0m synced [1mpinto[0m
[32m✓[0m synced [1mdashgrid[0m
[32m✓[0m synced [1mtemplate-generator[0m
[1mCommand:[0m
pwd

[1;34mpinto[0m
/home/test/test/tmp/golden/run/filter-on-1-tag/frontend/pinto


[1;34mdashgrid[0m
/home/test/test/tmp/golden/run/filter-on-1-tag/frontend/dashgrid

