
[1mpinto[0m


[1mdashgrid[0m


[1mtemplate-generator[0m


All projects synced
┌──────────┬──────────────────────────────────────────────────────────────────────┐
│ Project  │ default-tags                                                         │
├──────────┼──────────────────────────────────────────────────────────────────────┤
│ pinto    │ /home/test/test/tmp/golden/run/filter-default-tags/frontend/pinto    │
├──────────┼──────────────────────────────────────────────────────────────────────┤
│ dashgrid │ /home/test/test/tmp/golden/run/filter-default-tags/frontend/dashgrid │
└──────────┴──────────────────────────────────────────────────────────────────────┘
