Index: 3
Name: Should run when filtered on project
WantErr: false
Cmd:
mani sync
mani run -o table --projects pinto pwd


---

Project [pinto]


Project [dashgrid]


Project [template-generator]


 Project            | Synced 
--------------------+--------
 example            | ✓      
 pinto              | ✓      
 dashgrid           | ✓      
 template-generator | ✓      


 Project | Pwd                                                    
---------+--------------------------------------------------------
 pinto   | /home/test/test/tmp/golden/run/golden-3/frontend/pinto 

