Index: 4
Name: Describe projects matching 1 tag
WantErr: false
Cmd:
mani describe projects --tags frontend

---

Name: pinto
Path: frontend/pinto
Description: 
Url: https://github.com/alajmo/pinto
Sync: true
Tags: frontend
Env: 
    MANI_PROJECT_PATH: /home/test/test/tmp/golden/describe/golden-4/frontend/pinto
    MANI_PROJECT_URL: https://github.com/alajmo/pinto

--

Name: dashgrid
Path: frontend/dashgrid
Description: 
Url: https://github.com/alajmo/dashgrid
Sync: true
Tags: frontend, misc
Env: 
    MANI_PROJECT_PATH: /home/test/test/tmp/golden/describe/golden-4/frontend/dashgrid
    MANI_PROJECT_URL: https://github.com/alajmo/dashgrid

