Index: 4
Name: Describe projects matching 1 tag
WantErr: false
Cmd:
mani describe projects --tags frontend

---

name: pinto
sync: true
path: frontend/pinto
url: https://github.com/alajmo/pinto
single_branch: false
tags: frontend

--

name: dashgrid
sync: true
path: frontend/dashgrid
url: https://github.com/alajmo/dashgrid
single_branch: false
tags: frontend, misc

