
Project [pinto]


Project [dashgrid]


Project [template-generator]


 Project            | Synced 
--------------------+--------
 example            | ✓      
 pinto              | ✓      
 dashgrid           | ✓      
 template-generator | ✓      


 Project  | Pwd                                                                  
----------+----------------------------------------------------------------------
 pinto    | /home/test/test/tmp/golden/run/1-project-flag-tags/frontend/pinto    
 dashgrid | /home/test/test/tmp/golden/run/1-project-flag-tags/frontend/dashgrid 

