Project             Description               Tags
-------             -----------               ----
example                                       
tap-report                                    frontend
dashgrid                                      frontend, misc
template-generator                            
tpm                 Tmux and related plugins  tmux, plugin
