
Project [pinto]


Project [dashgrid]


Project [template-generator]


 Project            | Synced 
--------------------+--------
 example            | ✓      
 pinto              | ✓      
 dashgrid           | ✓      
 template-generator | ✓      


TASK [pwd]

example | /home/test/test/tmp/golden/run/all-projects

TASK [pwd]

pinto | /home/test/test/tmp/golden/run/all-projects/frontend/pinto

TASK [pwd]

dashgrid | /home/test/test/tmp/golden/run/all-projects/frontend/dashgrid

TASK [pwd]

template-generator | /home/test/test/tmp/golden/run/all-projects/template-generator
