
[1mpinto[0m


[1mdashgrid[0m


[1mtemplate-generator[0m


All projects synced
┌────────────────────┬────────────────────────────────────────────────────────────────┐
│ Project            │ pwd                                                            │
├────────────────────┼────────────────────────────────────────────────────────────────┤
│ example            │ /home/test/test/tmp/golden/run/all-projects                    │
├────────────────────┼────────────────────────────────────────────────────────────────┤
│ pinto              │ /home/test/test/tmp/golden/run/all-projects/frontend/pinto     │
├────────────────────┼────────────────────────────────────────────────────────────────┤
│ dashgrid           │ /home/test/test/tmp/golden/run/all-projects/frontend/dashgrid  │
├────────────────────┼────────────────────────────────────────────────────────────────┤
│ template-generator │ /home/test/test/tmp/golden/run/all-projects/template-generator │
└────────────────────┴────────────────────────────────────────────────────────────────┘
