Index: 3
Name: Describe all projects
WantErr: false
Cmd:
mani describe projects

---

name: example
sync: true
path: .
url: 
single_branch: false

--

name: pinto
sync: true
path: frontend/pinto
url: https://github.com/alajmo/pinto
single_branch: false
tags: frontend

--

name: dashgrid
sync: true
path: frontend/dashgrid
url: https://github.com/alajmo/dashgrid
single_branch: false
tags: frontend, misc

--

name: template-generator
sync: true
url: https://github.com/alajmo/template-generator
single_branch: false
tags: cli
env: 
    branch: dev

