┌───────────────┬─────────────┐
│ NAME          │ DESCRIPTION │
├───────────────┼─────────────┤
│ fetch         │ Fetch git   │
│ status        │             │
│ checkout      │             │
│ create-branch │             │
│ multi         │             │
│ pwd           │             │
└───────────────┴─────────────┘
