Name:  example                                      
Path:  .                                            
Desc:                                               
Url:                                                
Tags:                                               
                                                  
                                                  
Name:  pinto                                        
Path:  frontend/pinto                               
Desc:                                               
Url:   https://github.com/alajmo/pinto              
Tags:  frontend                                     
                                                  
                                                  
Name:  dashgrid                                     
Path:  frontend/dashgrid                            
Desc:                                               
Url:   https://github.com/alajmo/dashgrid           
Tags:  frontend, misc                               
                                                  
                                                  
Name:  template-generator                           
Path:  template-generator                           
Desc:                                               
Url:   https://github.com/alajmo/template-generator 
Tags:                                               
                                                  
